// Jest Snapshot v1, https://goo.gl/fbAQLP

exports[`ReactNativeTestingChild renders correctly 1`] = `
<View
  style={
    Object {
      "alignItems": "center",
      "marginTop": 20,
    }
  }
>
  <Text
    accessible={true}
    allowFontScaling={true}
    ellipsizeMode="tail"
    style={
      Object {
        "fontSize": 20,
        "marginBottom": 20,
      }
    }
  >
    Capitalized string:
  </Text>
  <Text
    accessible={true}
    allowFontScaling={true}
    ellipsizeMode="tail"
    style={
      Object {
        "fontSize": 18,
        "padding": 20,
      }
    }
  >
    mock string value
  </Text>
  <View
    accessibilityComponentType={undefined}
    accessibilityLabel={undefined}
    accessibilityTraits={undefined}
    accessible={true}
    hasTVPreferredFocus={undefined}
    hitSlop={undefined}
    isTVSelectable={true}
    onLayout={undefined}
    onResponderGrant={[Function]}
    onResponderMove={[Function]}
    onResponderRelease={[Function]}
    onResponderTerminate={[Function]}
    onResponderTerminationRequest={[Function]}
    onStartShouldSetResponder={[Function]}
    style={
      Array [
        Object {
          "backgroundColor": "transparent",
        },
        undefined,
      ]
    }
    testID={undefined}
    tvParallaxProperties={undefined}
  >
    <Text
      accessible={true}
      allowFontScaling={true}
      ellipsizeMode="tail"
      style={
        Object {
          "color": "#007aff",
          "fontSize": 30,
          "marginTop": 30,
        }
      }
    >
      Clear text
    </Text>
  </View>
</View>
`;
